{
  "component": true,
  "usingComponents": {
    "moduleB": "/npm/moduleB/index"
  }
}