{
  "pages": [
    "pages/mini/index",
    "pages/react/index"
  ]
}