{
  "spm": {
    "spmAPos": "a103",
    "bizType": "BAOXIAN"
  },
  "pages": [
    "pages/index"
  ]
}